2017-Jan-24 02:41:53:841 - DEBUG  class org.beasts.logging.AppTest - this is a test message52017-Jan-24 02:43:37:619 - DEBUG  class org.beasts.logging.AppTest - this is a test message52017-Jan-24 02:44:40:413 - DEBUG  class org.beasts.logging.AppTest - this is a test message52017-Jan-24 02:45:07:133 - DEBUG  class org.beasts.logging.AppTest - this is a test message5